
alpha
newline
beta
gamma\n
delta
epsilon
theta
omicron